// Jest Snapshot v1, https://goo.gl/fbAQLP

exports[`Home Home should to match snapshot 1`] = `
<div>
  <div
    class="makeStyles-wrapper-1"
  >
    <button
      class="MuiButtonBase-root MuiButton-root MuiButton-contained MuiButton-containedSecondary"
      data-testid="button-login"
      tabindex="0"
      type="button"
    >
      <span
        class="MuiButton-label"
      >
        Login
      </span>
      <span
        class="MuiTouchRipple-root"
      />
    </button>
    <button
      class="MuiButtonBase-root MuiButton-root MuiButton-contained MuiButton-containedSecondary"
      data-testid="button-signUp"
      tabindex="0"
      type="button"
    >
      <span
        class="MuiButton-label"
      >
        Sign Up
      </span>
      <span
        class="MuiTouchRipple-root"
      />
    </button>
  </div>
</div>
`;
